
========================================

toothbrush                          0.99

Total:                              0.99

========================================

toothbrush                          1.98
  0.99 * 2

Total:                              1.98

========================================

apples                              4.58
  1.99 * 2.300

Total:                              4.58

========================================

apples                              1.49
  1.99 * 0.750
toothbrush                          0.99

Total:                              2.48

========================================

apples                              4.58
  1.99 * 2.300
3 for 2 (apples)                   -0.99

Total:                              3.59

========================================

apples                              1.49
  1.99 * 0.750
toothbrush                          0.99
toothbrush                          1.98
  0.99 * 2
3 for 2 (toothbrush)               -0.99

Total:                              3.47
