
========================================


Total:                              0.00

========================================

toothbrush                          0.99

Total:                              0.99

========================================

rice                                2.99
toothbrush                          0.99

Total:                              3.98

========================================

toothbrush                          2.97
  0.99 * 3
3 for 2 (toothbrush)               -0.99

Total:                              1.98

========================================

toothbrush                          0.99

Total:                              0.99

========================================

toothbrush                          4.95
  0.99 * 5
3 for 2 (toothbrush)               -0.99

Total:                              3.96

========================================

apples                              0.99
  1.99 * 0.500

Total:                              0.99

========================================

rice                                2.99
10 % off (rice)                    -0.30

Total:                              2.69

========================================

cherry tomato box                   1.38
  0.69 * 2
2 for 0.99 (cherry tomato box)     -0.39

Total:                              0.99

========================================

cherry tomato box                   0.69

Total:                              0.69

========================================

apples                              9.95
  1.99 * 5.000
5 for 6.99 (apples)                -2.96

Total:                              6.99

========================================

apples                             11.94
  1.99 * 6.000
5 for 6.99 (apples)                -2.96

Total:                              8.98

========================================

apples                             31.84
  1.99 * 16.000
5 for 6.99 (apples)                -8.88

Total:                             22.96

========================================

apples                              7.96
  1.99 * 4.000

Total:                              7.96
