[1,Each,TenPercentDiscount,10] => 
----------------------------------------
chocolate                           1.00
chocolate                           1.00
10% off(chocolate)                 -0.20

Total:                              1.80
----------------------------------------

[1,Each,FiveForAmount,10] => 
----------------------------------------
chocolate                           1.00
chocolate                           1.00

Total:                              2.00
----------------------------------------

[1,Each,ThreeForTwo,10] => 
----------------------------------------
chocolate                           1.00
chocolate                           1.00

Total:                              2.00
----------------------------------------

[1,Each,TwoForAmount,10] => 
----------------------------------------
chocolate                           1.00
chocolate                           1.00
2 for 10(chocolate)                 8.00

Total:                             10.00
----------------------------------------

[1,Kilo,TenPercentDiscount,10] => 
----------------------------------------
chocolate                           1.00
chocolate                           1.00
10% off(chocolate)                 -0.20

Total:                              1.80
----------------------------------------

[1,Kilo,FiveForAmount,10] => 
----------------------------------------
chocolate                           1.00
chocolate                           1.00

Total:                              2.00
----------------------------------------

[1,Kilo,ThreeForTwo,10] => 
----------------------------------------
chocolate                           1.00
chocolate                           1.00

Total:                              2.00
----------------------------------------

[1,Kilo,TwoForAmount,10] => 
----------------------------------------
chocolate                           1.00
chocolate                           1.00
2 for 10(chocolate)                 8.00

Total:                             10.00
----------------------------------------

[5,Each,TenPercentDiscount,10] => 
----------------------------------------
chocolate                           1.00
chocolate                           5.00
  1.00 * 5
10% off(chocolate)                 -0.60

Total:                              5.40
----------------------------------------

[5,Each,FiveForAmount,10] => 
----------------------------------------
chocolate                           1.00
chocolate                           5.00
  1.00 * 5
5 for 10(chocolate)                 5.00

Total:                             11.00
----------------------------------------

[5,Each,ThreeForTwo,10] => 
----------------------------------------
chocolate                           1.00
chocolate                           5.00
  1.00 * 5
3 for 2(chocolate)                 -2.00

Total:                              4.00
----------------------------------------

[5,Each,TwoForAmount,10] => 
----------------------------------------
chocolate                           1.00
chocolate                           5.00
  1.00 * 5
2 for 10(chocolate)                24.00

Total:                             30.00
----------------------------------------

[5,Kilo,TenPercentDiscount,10] => 
----------------------------------------
chocolate                           1.00
chocolate                           5.00
  1.00 * 5.000
10% off(chocolate)                 -0.60

Total:                              5.40
----------------------------------------

[5,Kilo,FiveForAmount,10] => 
----------------------------------------
chocolate                           1.00
chocolate                           5.00
  1.00 * 5.000
5 for 10(chocolate)                 5.00

Total:                             11.00
----------------------------------------

[5,Kilo,ThreeForTwo,10] => 
----------------------------------------
chocolate                           1.00
chocolate                           5.00
  1.00 * 5.000
3 for 2(chocolate)                 -2.00

Total:                              4.00
----------------------------------------

[5,Kilo,TwoForAmount,10] => 
----------------------------------------
chocolate                           1.00
chocolate                           5.00
  1.00 * 5.000
2 for 10(chocolate)                24.00

Total:                             30.00
----------------------------------------

