toothbrush                                             1.98
  0.99*2
rice                                                   2.99

Total:                                                 4.97

