rice                                                   5.98
  2.99*2
10% off(rice)                                         -0.60

Total:                                                 5.38

